// Jest Snapshot v1, https://goo.gl/fbAQLP

exports[`ValidationErrorMapper should map nested errors 1`] = `
Object {
  "address": Object {
    "suite": "This value \\"suite\\" should not be null ",
  },
}
`;

exports[`ValidationErrorMapper should map nested sheet errors 1`] = `
Object {
  "name": "This value \\"name\\" should not be null ",
  "sheet": "Cell D2: This value should be 0 or more.",
}
`;
